// Jest Snapshot v1, https://goo.gl/fbAQLP

exports[`<Badge/> should otherwise match snapshot 1`] = `
<div>
  <div
    class="badge circle primary medium"
  />
</div>
`;
