// Jest Snapshot v1, https://goo.gl/fbAQLP

exports[`<Button /> should otherwise match snapshot 1`] = `
<div>
  <button
    class="text primary small"
  >
    Valider
  </button>
</div>
`;
